
> logos@1.5.0 build D:\devWork\logos\web
> velite build && next build

[VELITE] issues:
content/docs/funcionalidades.mdx
 warning `s.path()` schema will resolve the flattening path based on the file path  slug

content/docs/introduccion.mdx
 warning `s.path()` schema will resolve the flattening path based on the file path  slug

content/docs/logos.mdx
 warning `s.path()` schema will resolve the flattening path based on the file path  slug

ÔÜá 3 warnings 
[32m[VELITE][0m build finished in 529.37ms
Ôû▓ Next.js 16.1.5 (Turbopack)
- Environments: .env.local

  Creating an optimized production build ...
Error: Can't resolve 'tailwindcss-animate' in 'D:\devWork\logos\web\src\app'
    [at finishWithoutResolve (D:\devWork\logos\web\node_modules\.pnpm\enhanced-resolve@5.19.0\node_modules\enhanced-resolve\lib\Resolver.js:586:18)]
    [at D:\devWork\logos\web\node_modules\.pnpm\enhanced-resolve@5.19.0\node_modules\enhanced-resolve\lib\Resolver.js:678:14]
    [at D:\devWork\logos\web\node_modules\.pnpm\enhanced-resolve@5.19.0\node_modules\enhanced-resolve\lib\Resolver.js:739:5]
    [at eval (eval at create (D:\devWork\logos\web\node_modules\.pnpm\tapable@2.3.0\node_modules\tapable\lib\HookCodeFactory.js:31:10), <anonymous>:15:1)]
    [at D:\devWork\logos\web\node_modules\.pnpm\enhanced-resolve@5.19.0\node_modules\enhanced-resolve\lib\Resolver.js:739:5]
    [at eval (eval at create (D:\devWork\logos\web\node_modules\.pnpm\tapable@2.3.0\node_modules\tapable\lib\HookCodeFactory.js:31:10), <anonymous>:27:1)]
    [at D:\devWork\logos\web\node_modules\.pnpm\enhanced-resolve@5.19.0\node_modules\enhanced-resolve\lib\DescriptionFilePlugin.js:89:43]
    [at D:\devWork\logos\web\node_modules\.pnpm\enhanced-resolve@5.19.0\node_modules\enhanced-resolve\lib\Resolver.js:739:5]
    [at eval (eval at create (D:\devWork\logos\web\node_modules\.pnpm\tapable@2.3.0\node_modules\tapable\lib\HookCodeFactory.js:31:10), <anonymous>:15:1)]
    [at D:\devWork\logos\web\node_modules\.pnpm\enhanced-resolve@5.19.0\node_modules\enhanced-resolve\lib\Resolver.js:739:5] {
  details: "resolve 'tailwindcss-animate' in 'D:\\devWork\\logos\\web\\src\\app'\n" +
    '  Parsed request is a module\n' +
    '  using description file: D:\\devWork\\logos\\web\\package.json (relative path: ./src/app)\n' +
    '    resolve as module\n' +
    "      D:\\devWork\\logos\\web\\src\\app\\node_modules doesn't exist or is not a directory\n" +
    "      D:\\devWork\\logos\\web\\src\\node_modules doesn't exist or is not a directory\n" +
    '      looking for modules in D:\\devWork\\logos\\web\\node_modules\n' +
    '        single file module\n' +
    '          using description file: D:\\devWork\\logos\\web\\package.json (relative path: ./node_modules/tailwindcss-animate)\n' +
    '            no extension\n' +
    "              D:\\devWork\\logos\\web\\node_modules\\tailwindcss-animate doesn't exist\n" +
    '            .js\n' +
    "              D:\\devWork\\logos\\web\\node_modules\\tailwindcss-animate.js doesn't exist\n" +
    '            .json\n' +
    "              D:\\devWork\\logos\\web\\node_modules\\tailwindcss-animate.json doesn't exist\n" +
    '            .node\n' +
    "              D:\\devWork\\logos\\web\\node_modules\\tailwindcss-animate.node doesn't exist\n" +
    '            .ts\n' +
    "              D:\\devWork\\logos\\web\\node_modules\\tailwindcss-animate.ts doesn't exist\n" +
    "        D:\\devWork\\logos\\web\\node_modules\\tailwindcss-animate doesn't exist\n" +
    "      D:\\devWork\\logos\\node_modules doesn't exist or is not a directory\n" +
    "      D:\\devWork\\node_modules doesn't exist or is not a directory\n" +
    "      D:\\node_modules doesn't exist or is not a directory\n" +
    '      looking for modules in D:\\devWork\\logos\\web\\node_modules\\.pnpm\\next@16.1.5_@babel+core@7.2_91d9faaf465837552feb97227eb59251\\node_modules\\next\\dist\\bin\\node_modules;D:\\devWork\\logos\\web\\node_modules\\.pnpm\\next@16.1.5_@babel+core@7.2_91d9faaf465837552feb97227eb59251\\node_modules\\next\\dist\\node_modules;D:\\devWork\\logos\\web\\node_modules\\.pnpm\\next@16.1.5_@babel+core@7.2_91d9faaf465837552feb97227eb59251\\node_modules\\next\\node_modules;D:\\devWork\\logos\\web\\node_modules\\.pnpm\\next@16.1.5_@babel+core@7.2_91d9faaf465837552feb97227eb59251\\node_modules;D:\\devWork\\logos\\web\\node_modules\\.pnpm\\node_modules\n' +
    '        single file module\n' +
    '          using description file: D:\\devWork\\logos\\web\\node_modules\\.pnpm\\next@16.1.5_@babel+core@7.2_91d9faaf465837552feb97227eb59251\\node_modules\\next\\package.json (relative path: ./dist/bin/node_modules;D:/devWork/logos/web/node_modules/.pnpm/next@16.1.5_@babel+core@7.2_91d9faaf465837552feb97227eb59251/node_modules/next/dist/node_modules;D:/devWork/logos/web/node_modules/.pnpm/next@16.1.5_@babel+core@7.2_91d9faaf465837552feb97227eb59251/node_modules/next/node_modules;D:/devWork/logos/web/node_modules/.pnpm/next@16.1.5_@babel+core@7.2_91d9faaf465837552feb97227eb59251/node_modules;D:/devWork/logos/web/node_modules/.pnpm/node_modules/tailwindcss-animate)\n' +
    '            no extension\n' +
    "              D:\\devWork\\logos\\web\\node_modules\\.pnpm\\next@16.1.5_@babel+core@7.2_91d9faaf465837552feb97227eb59251\\node_modules\\next\\dist\\bin\\node_modules;D:\\devWork\\logos\\web\\node_modules\\.pnpm\\next@16.1.5_@babel+core@7.2_91d9faaf465837552feb97227eb59251\\node_modules\\next\\dist\\node_modules;D:\\devWork\\logos\\web\\node_modules\\.pnpm\\next@16.1.5_@babel+core@7.2_91d9faaf465837552feb97227eb59251\\node_modules\\next\\node_modules;D:\\devWork\\logos\\web\\node_modules\\.pnpm\\next@16.1.5_@babel+core@7.2_91d9faaf465837552feb97227eb59251\\node_modules;D:\\devWork\\logos\\web\\node_modules\\.pnpm\\node_modules\\tailwindcss-animate doesn't exist\n" +
    '            .js\n' +
    "              D:\\devWork\\logos\\web\\node_modules\\.pnpm\\next@16.1.5_@babel+core@7.2_91d9faaf465837552feb97227eb59251\\node_modules\\next\\dist\\bin\\node_modules;D:\\devWork\\logos\\web\\node_modules\\.pnpm\\next@16.1.5_@babel+core@7.2_91d9faaf465837552feb97227eb59251\\node_modules\\next\\dist\\node_modules;D:\\devWork\\logos\\web\\node_modules\\.pnpm\\next@16.1.5_@babel+core@7.2_91d9faaf465837552feb97227eb59251\\node_modules\\next\\node_modules;D:\\devWork\\logos\\web\\node_modules\\.pnpm\\next@16.1.5_@babel+core@7.2_91d9faaf465837552feb97227eb59251\\node_modules;D:\\devWork\\logos\\web\\node_modules\\.pnpm\\node_modules\\tailwindcss-animate.js doesn't exist\n" +
    '            .json\n' +
    "              D:\\devWork\\logos\\web\\node_modules\\.pnpm\\next@16.1.5_@babel+core@7.2_91d9faaf465837552feb97227eb59251\\node_modules\\next\\dist\\bin\\node_modules;D:\\devWork\\logos\\web\\node_modules\\.pnpm\\next@16.1.5_@babel+core@7.2_91d9faaf465837552feb97227eb59251\\node_modules\\next\\dist\\node_modules;D:\\devWork\\logos\\web\\node_modules\\.pnpm\\next@16.1.5_@babel+core@7.2_91d9faaf465837552feb97227eb59251\\node_modules\\next\\node_modules;D:\\devWork\\logos\\web\\node_modules\\.pnpm\\next@16.1.5_@babel+core@7.2_91d9faaf465837552feb97227eb59251\\node_modules;D:\\devWork\\logos\\web\\node_modules\\.pnpm\\node_modules\\tailwindcss-animate.json doesn't exist\n" +
    '            .node\n' +
    "              D:\\devWork\\logos\\web\\node_modules\\.pnpm\\next@16.1.5_@babel+core@7.2_91d9faaf465837552feb97227eb59251\\node_modules\\next\\dist\\bin\\node_modules;D:\\devWork\\logos\\web\\node_modules\\.pnpm\\next@16.1.5_@babel+core@7.2_91d9faaf465837552feb97227eb59251\\node_modules\\next\\dist\\node_modules;D:\\devWork\\logos\\web\\node_modules\\.pnpm\\next@16.1.5_@babel+core@7.2_91d9faaf465837552feb97227eb59251\\node_modules\\next\\node_modules;D:\\devWork\\logos\\web\\node_modules\\.pnpm\\next@16.1.5_@babel+core@7.2_91d9faaf465837552feb97227eb59251\\node_modules;D:\\devWork\\logos\\web\\node_modules\\.pnpm\\node_modules\\tailwindcss-animate.node doesn't exist\n" +
    '            .ts\n' +
    "              D:\\devWork\\logos\\web\\node_modules\\.pnpm\\next@16.1.5_@babel+core@7.2_91d9faaf465837552feb97227eb59251\\node_modules\\next\\dist\\bin\\node_modules;D:\\devWork\\logos\\web\\node_modules\\.pnpm\\next@16.1.5_@babel+core@7.2_91d9faaf465837552feb97227eb59251\\node_modules\\next\\dist\\node_modules;D:\\devWork\\logos\\web\\node_modules\\.pnpm\\next@16.1.5_@babel+core@7.2_91d9faaf465837552feb97227eb59251\\node_modules\\next\\node_modules;D:\\devWork\\logos\\web\\node_modules\\.pnpm\\next@16.1.5_@babel+core@7.2_91d9faaf465837552feb97227eb59251\\node_modules;D:\\devWork\\logos\\web\\node_modules\\.pnpm\\node_modules\\tailwindcss-animate.ts doesn't exist\n" +
    "        D:\\devWork\\logos\\web\\node_modules\\.pnpm\\next@16.1.5_@babel+core@7.2_91d9faaf465837552feb97227eb59251\\node_modules\\next\\dist\\bin\\node_modules;D:\\devWork\\logos\\web\\node_modules\\.pnpm\\next@16.1.5_@babel+core@7.2_91d9faaf465837552feb97227eb59251\\node_modules\\next\\dist\\node_modules;D:\\devWork\\logos\\web\\node_modules\\.pnpm\\next@16.1.5_@babel+core@7.2_91d9faaf465837552feb97227eb59251\\node_modules\\next\\node_modules;D:\\devWork\\logos\\web\\node_modules\\.pnpm\\next@16.1.5_@babel+core@7.2_91d9faaf465837552feb97227eb59251\\node_modules;D:\\devWork\\logos\\web\\node_modules\\.pnpm\\node_modules\\tailwindcss-animate doesn't exist"
}

> Build error occurred
Error: Turbopack build failed with 1 errors:
./src/app/globals.css
Error evaluating Node.js code
CssSyntaxError: tailwindcss: D:\devWork\logos\web\src\app\globals.css:1:1: Can't resolve 'tailwindcss-animate' in 'D:\devWork\logos\web\src\app'
    at Input.error (node_modules/.pnpm/postcss@8.4.31/node_modules/postcss/lib/input.js:106:16) [D:\devWork\logos\web\.next\build\chunks\node_modules__pnpm_56ec7204._.js:4132:22]
    at Root.error (node_modules/.pnpm/postcss@8.4.31/node_modules/postcss/lib/node.js:115:32) [D:\devWork\logos\web\.next\build\chunks\node_modules__pnpm_56ec7204._.js:895:38]
    [at Object.Once (D:\devWork\logos\web\node_modules\.pnpm\@tailwindcss+postcss@4.1.18\node_modules\@tailwindcss\postcss\dist\index.js:10:6911)]
    at async LazyResult.runAsync (node_modules/.pnpm/postcss@8.4.31/node_modules/postcss/lib/lazy-result.js:261:11) [D:\devWork\logos\web\.next\build\chunks\node_modules__pnpm_56ec7204._.js:6052:21]
    at async transform (turbopack:///[turbopack-node]/transforms/postcss.ts:70:34) [D:\devWork\logos\web\.next\build\chunks\[root-of-the-server]__51225daf._.js:146:36]
    at async run (turbopack:///[turbopack-node]/ipc/evaluate.ts:92:23) [D:\devWork\logos\web\.next\build\chunks\[root-of-the-server]__974941ed._.js:443:31]

Import trace:
  Client Component Browser:
    ./src/app/globals.css [Client Component Browser]
    ./src/app/layout.tsx [Server Component]


    at async transform (turbopack:///[turbopack-node]/transforms/postcss.ts:70:34) [D:\devWork\logos\web\.next\build\chunks\[root-of-the-server]__51225daf._.js:146:36])
    at async run (turbopack:///[turbopack-node]/ipc/evaluate.ts:92:23) [D:\devWork\logos\web\.next\build\chunks\[root-of-the-server]__974941ed._.js:443:31])
ÔÇëELIFECYCLEÔÇë Command failed with exit code 1.
